P8_DX2_ROWPACK_ACTIVE layer=3 rank=0 input_hop=1
{"cell": "L3_R0_M1_S0", "rp2_eq_prod": false}
{"cell": "L3_R0_M1_S1", "rp2_eq_prod": false}
{"cell": "L3_R0_M1_S2", "rp2_eq_prod": false}
{"cell": "L3_R0_M1_S3", "rp2_eq_prod": false}
{"cell": "L3_R0_M4_S0", "rp2_eq_prod": false}
{"cell": "L3_R0_M16_S0", "rp2_eq_prod": false}
{"cell": "L3_R0_M64_S0", "rp2_eq_prod": true}
P8_DX2_ROWPACK_ACTIVE layer=3 rank=3 input_hop=1
{"cell": "L3_R3_M1_S0", "rp2_eq_prod": false}
{"cell": "L3_R3_M1_S1", "rp2_eq_prod": false}
{"cell": "L3_R3_M1_S2", "rp2_eq_prod": false}
{"cell": "L3_R3_M1_S3", "rp2_eq_prod": false}
{"cell": "L3_R3_M4_S0", "rp2_eq_prod": false}
{"cell": "L3_R3_M16_S0", "rp2_eq_prod": false}
{"cell": "L3_R3_M64_S0", "rp2_eq_prod": true}
P8_DX2_ROWPACK_ACTIVE layer=8 rank=0 input_hop=1
{"cell": "L8_R0_M1_S0", "rp2_eq_prod": false}
{"cell": "L8_R0_M1_S1", "rp2_eq_prod": false}
{"cell": "L8_R0_M1_S2", "rp2_eq_prod": false}
{"cell": "L8_R0_M1_S3", "rp2_eq_prod": false}
{"cell": "L8_R0_M4_S0", "rp2_eq_prod": false}
{"cell": "L8_R0_M16_S0", "rp2_eq_prod": false}
{"cell": "L8_R0_M64_S0", "rp2_eq_prod": true}
P8_DX2_ROWPACK_ACTIVE layer=8 rank=3 input_hop=1
{"cell": "L8_R3_M1_S0", "rp2_eq_prod": false}
{"cell": "L8_R3_M1_S1", "rp2_eq_prod": false}
{"cell": "L8_R3_M1_S2", "rp2_eq_prod": false}
{"cell": "L8_R3_M1_S3", "rp2_eq_prod": false}
{"cell": "L8_R3_M4_S0", "rp2_eq_prod": false}
{"cell": "L8_R3_M16_S0", "rp2_eq_prod": false}
{"cell": "L8_R3_M64_S0", "rp2_eq_prod": true}
P8_DX2_ROWPACK_ACTIVE layer=23 rank=0 input_hop=1
{"cell": "L23_R0_M1_S0", "rp2_eq_prod": false}
{"cell": "L23_R0_M1_S1", "rp2_eq_prod": false}
{"cell": "L23_R0_M1_S2", "rp2_eq_prod": false}
{"cell": "L23_R0_M1_S3", "rp2_eq_prod": false}
{"cell": "L23_R0_M4_S0", "rp2_eq_prod": false}
{"cell": "L23_R0_M16_S0", "rp2_eq_prod": false}
{"cell": "L23_R0_M64_S0", "rp2_eq_prod": true}
P8_DX2_ROWPACK_ACTIVE layer=23 rank=3 input_hop=1
{"cell": "L23_R3_M1_S0", "rp2_eq_prod": false}
{"cell": "L23_R3_M1_S1", "rp2_eq_prod": false}
{"cell": "L23_R3_M1_S2", "rp2_eq_prod": false}
{"cell": "L23_R3_M1_S3", "rp2_eq_prod": false}
{"cell": "L23_R3_M4_S0", "rp2_eq_prod": false}
{"cell": "L23_R3_M16_S0", "rp2_eq_prod": false}
{"cell": "L23_R3_M64_S0", "rp2_eq_prod": true}
P8_DX2_ROWPACK_ACTIVE layer=43 rank=0 input_hop=1
{"cell": "L43_R0_M1_S0", "rp2_eq_prod": false}
{"cell": "L43_R0_M1_S1", "rp2_eq_prod": false}
{"cell": "L43_R0_M1_S2", "rp2_eq_prod": false}
{"cell": "L43_R0_M1_S3", "rp2_eq_prod": false}
{"cell": "L43_R0_M4_S0", "rp2_eq_prod": false}
{"cell": "L43_R0_M16_S0", "rp2_eq_prod": false}
{"cell": "L43_R0_M64_S0", "rp2_eq_prod": true}
P8_DX2_ROWPACK_ACTIVE layer=43 rank=3 input_hop=1
{"cell": "L43_R3_M1_S0", "rp2_eq_prod": false}
{"cell": "L43_R3_M1_S1", "rp2_eq_prod": false}
{"cell": "L43_R3_M1_S2", "rp2_eq_prod": false}
{"cell": "L43_R3_M1_S3", "rp2_eq_prod": false}
{"cell": "L43_R3_M4_S0", "rp2_eq_prod": false}
{"cell": "L43_R3_M16_S0", "rp2_eq_prod": false}
{"cell": "L43_R3_M64_S0", "rp2_eq_prod": true}
{"saved": 112}
exit 0
